{
  "version": "1.5.0",
  "plugins_used": [
    {
      "name": "ArtifactoryDetector"
    },
    {
      "name": "AWSKeyDetector"
    },
    {
      "name": "AzureStorageKeyDetector"
    },
    {
      "name": "Base64HighEntropyString",
      "limit": 4.5
    },
    {
      "name": "BasicAuthDetector"
    },
    {
      "name": "CloudantDetector"
    },
    {
      "name": "DiscordBotTokenDetector"
    },
    {
      "name": "GitHubTokenDetector"
    },
    {
      "name": "GitLabTokenDetector"
    },
    {
      "name": "HexHighEntropyString",
      "limit": 3.0
    },
    {
      "name": "IbmCloudIamDetector"
    },
    {
      "name": "IbmCosHmacDetector"
    },
    {
      "name": "IPPublicDetector"
    },
    {
      "name": "JwtTokenDetector"
    },
    {
      "name": "KeywordDetector",
      "keyword_exclude": ""
    },
    {
      "name": "MailchimpDetector"
    },
    {
      "name": "NpmDetector"
    },
    {
      "name": "OpenAIDetector"
    },
    {
      "name": "PrivateKeyDetector"
    },
    {
      "name": "PypiTokenDetector"
    },
    {
      "name": "SendGridDetector"
    },
    {
      "name": "SlackDetector"
    },
    {
      "name": "SoftlayerDetector"
    },
    {
      "name": "SquareOAuthDetector"
    },
    {
      "name": "StripeDetector"
    },
    {
      "name": "TelegramBotTokenDetector"
    },
    {
      "name": "TwilioKeyDetector"
    }
  ],
  "filters_used": [
    {
      "path": "detect_secrets.filters.allowlist.is_line_allowlisted"
    },
    {
      "path": "detect_secrets.filters.common.is_baseline_file",
      "filename": ".secrets.baseline"
    },
    {
      "path": "detect_secrets.filters.common.is_ignored_due_to_verification_policies",
      "min_level": 2
    },
    {
      "path": "detect_secrets.filters.heuristic.is_indirect_reference"
    },
    {
      "path": "detect_secrets.filters.heuristic.is_likely_id_string"
    },
    {
      "path": "detect_secrets.filters.heuristic.is_lock_file"
    },
    {
      "path": "detect_secrets.filters.heuristic.is_not_alphanumeric_string"
    },
    {
      "path": "detect_secrets.filters.heuristic.is_potential_uuid"
    },
    {
      "path": "detect_secrets.filters.heuristic.is_prefixed_with_dollar_sign"
    },
    {
      "path": "detect_secrets.filters.heuristic.is_sequential_string"
    },
    {
      "path": "detect_secrets.filters.heuristic.is_swagger_file"
    },
    {
      "path": "detect_secrets.filters.heuristic.is_templated_secret"
    },
    {
      "path": "detect_secrets.filters.regex.should_exclude_file",
      "pattern": [
        "(^|[\\\\/])(\\.git|\\.venv|\\.mypy_cache|\\.pytest_cache|\\.ruff_cache|third_party|dist|release)([\\\\/]|$)"
      ]
    }
  ],
  "results": {
    "research\\evidence\\corpus-gate.json": [
      {
        "type": "Hex High Entropy String",
        "filename": "research\\evidence\\corpus-gate.json",
        "hashed_secret": "0bdf36e8726114fc0be794aacbf46502482b40cd",
        "is_verified": false,
        "line_number": 1,
        "is_secret": false
      },
      {
        "type": "Hex High Entropy String",
        "filename": "research\\evidence\\corpus-gate.json",
        "hashed_secret": "3b4a3020aa9673b4a2933801ca9f3932191dc047",
        "is_verified": false,
        "line_number": 1,
        "is_secret": false
      }
    ],
    "research\\importers\\catalog.json": [
      {
        "type": "Hex High Entropy String",
        "filename": "research\\importers\\catalog.json",
        "hashed_secret": "7aac418adc587937b76ee3c172733ecddbe6defd",
        "is_verified": false,
        "line_number": 10,
        "is_secret": false
      },
      {
        "type": "Base64 High Entropy String",
        "filename": "research\\importers\\catalog.json",
        "hashed_secret": "acbc9b81a5385c0633d45bb843b13cde0e06fbc0",
        "is_verified": false,
        "line_number": 12,
        "is_secret": false
      },
      {
        "type": "Hex High Entropy String",
        "filename": "research\\importers\\catalog.json",
        "hashed_secret": "931867f6179b18c4e9711553391dcc4b281845e8",
        "is_verified": false,
        "line_number": 19,
        "is_secret": false
      },
      {
        "type": "Hex High Entropy String",
        "filename": "research\\importers\\catalog.json",
        "hashed_secret": "8bee12dc4429a90bc2c1c5c8cd9fdaa6754de276",
        "is_verified": false,
        "line_number": 20,
        "is_secret": false
      },
      {
        "type": "Base64 High Entropy String",
        "filename": "research\\importers\\catalog.json",
        "hashed_secret": "4dc43c6638b53ff970a014e618f71eb168412629",
        "is_verified": false,
        "line_number": 22,
        "is_secret": false
      },
      {
        "type": "Hex High Entropy String",
        "filename": "research\\importers\\catalog.json",
        "hashed_secret": "d58a0f05156b745bc4057e2ff572bfe1206f1953",
        "is_verified": false,
        "line_number": 29,
        "is_secret": false
      },
      {
        "type": "Hex High Entropy String",
        "filename": "research\\importers\\catalog.json",
        "hashed_secret": "690c7f0f65b6da4cbf7a96456fa68f77c6cfb2ba",
        "is_verified": false,
        "line_number": 30,
        "is_secret": false
      },
      {
        "type": "Hex High Entropy String",
        "filename": "research\\importers\\catalog.json",
        "hashed_secret": "f713161e6e26307641a3f6341618abef77b5aacb",
        "is_verified": false,
        "line_number": 38,
        "is_secret": false
      },
      {
        "type": "Hex High Entropy String",
        "filename": "research\\importers\\catalog.json",
        "hashed_secret": "66f2f79c7cad91d131619ec7cf03cf766ce51e0f",
        "is_verified": false,
        "line_number": 47,
        "is_secret": false
      },
      {
        "type": "Hex High Entropy String",
        "filename": "research\\importers\\catalog.json",
        "hashed_secret": "a92aa03577e2dd7290cc5998d596a72443f47c36",
        "is_verified": false,
        "line_number": 48,
        "is_secret": false
      }
    ],
    "research\\results.json": [
      {
        "type": "Hex High Entropy String",
        "filename": "research\\results.json",
        "hashed_secret": "1d636a5071972e30117c312e23ca3c2ce8759336",
        "is_verified": false,
        "line_number": 4,
        "is_secret": false
      },
      {
        "type": "Hex High Entropy String",
        "filename": "research\\results.json",
        "hashed_secret": "819df12dfbb1e43dbada45d9bf0d6597c31395db",
        "is_verified": false,
        "line_number": 12,
        "is_secret": false
      },
      {
        "type": "Hex High Entropy String",
        "filename": "research\\results.json",
        "hashed_secret": "b2c08a4858224a7d093c1b9d8f4605de39f6ef86",
        "is_verified": false,
        "line_number": 19,
        "is_secret": false
      },
      {
        "type": "Hex High Entropy String",
        "filename": "research\\results.json",
        "hashed_secret": "af69b174c1714c634b44d43b18d5ea9d617e369e",
        "is_verified": false,
        "line_number": 26,
        "is_secret": false
      }
    ],
    "src\\rechnungsprobe\\data\\profile.json": [
      {
        "type": "Hex High Entropy String",
        "filename": "src\\rechnungsprobe\\data\\profile.json",
        "hashed_secret": "3b4a3020aa9673b4a2933801ca9f3932191dc047",
        "is_verified": false,
        "line_number": 5,
        "is_secret": false
      },
      {
        "type": "Hex High Entropy String",
        "filename": "src\\rechnungsprobe\\data\\profile.json",
        "hashed_secret": "047c0742b074e7ccc28805ce223074fac0b0549f",
        "is_verified": false,
        "line_number": 13,
        "is_secret": false
      },
      {
        "type": "Hex High Entropy String",
        "filename": "src\\rechnungsprobe\\data\\profile.json",
        "hashed_secret": "0bdf36e8726114fc0be794aacbf46502482b40cd",
        "is_verified": false,
        "line_number": 20,
        "is_secret": false
      }
    ],
    "src\\rechnungsprobe\\profiles.py": [
      {
        "type": "Hex High Entropy String",
        "filename": "src\\rechnungsprobe\\profiles.py",
        "hashed_secret": "0bdf36e8726114fc0be794aacbf46502482b40cd",
        "is_verified": false,
        "line_number": 50,
        "is_secret": false
      },
      {
        "type": "Hex High Entropy String",
        "filename": "src\\rechnungsprobe\\profiles.py",
        "hashed_secret": "3b4a3020aa9673b4a2933801ca9f3932191dc047",
        "is_verified": false,
        "line_number": 51,
        "is_secret": false
      }
    ],
    "tests\\test_xml_security.py": [
      {
        "type": "Hex High Entropy String",
        "filename": "tests\\test_xml_security.py",
        "hashed_secret": "047c0742b074e7ccc28805ce223074fac0b0549f",
        "is_verified": false,
        "line_number": 14,
        "is_secret": false
      }
    ],
    "tools\\release_artifacts.py": [
      {
        "type": "Base64 High Entropy String",
        "filename": "tools\\release_artifacts.py",
        "hashed_secret": "3cc76f28d07b74c58d4f743e5dbb8d5910935ae6",
        "is_verified": false,
        "line_number": 140,
        "is_secret": false
      }
    ]
  },
  "generated_at": "2026-07-31T19:31:56Z"
}
